
Discarded input sections

 .text          0x00000000        0x0 FLASH_RUN/main.o
 .data          0x00000000        0x0 FLASH_RUN/main.o
 .bss           0x00000000        0x0 FLASH_RUN/main.o
 .text          0x00000000        0x0 FLASH_RUN/startup_stm32f10x_md.o
 .data          0x00000000        0x0 FLASH_RUN/startup_stm32f10x_md.o
 .bss           0x00000000        0x0 FLASH_RUN/startup_stm32f10x_md.o
 .text          0x00000000        0x0 FLASH_RUN/core_cm3.o
 .data          0x00000000        0x0 FLASH_RUN/core_cm3.o
 .bss           0x00000000        0x0 FLASH_RUN/core_cm3.o
 .text.__get_PSP
                0x00000000       0x10 FLASH_RUN/core_cm3.o
 .text.__set_PSP
                0x00000000        0x8 FLASH_RUN/core_cm3.o
 .text.__get_MSP
                0x00000000       0x10 FLASH_RUN/core_cm3.o
 .text.__set_MSP
                0x00000000        0x8 FLASH_RUN/core_cm3.o
 .text.__get_BASEPRI
                0x00000000       0x20 FLASH_RUN/core_cm3.o
 .text.__set_BASEPRI
                0x00000000       0x18 FLASH_RUN/core_cm3.o
 .text.__get_PRIMASK
                0x00000000       0x20 FLASH_RUN/core_cm3.o
 .text.__set_PRIMASK
                0x00000000       0x18 FLASH_RUN/core_cm3.o
 .text.__get_FAULTMASK
                0x00000000       0x20 FLASH_RUN/core_cm3.o
 .text.__set_FAULTMASK
                0x00000000       0x18 FLASH_RUN/core_cm3.o
 .text.__get_CONTROL
                0x00000000       0x20 FLASH_RUN/core_cm3.o
 .text.__set_CONTROL
                0x00000000       0x18 FLASH_RUN/core_cm3.o
 .text.__REV    0x00000000       0x20 FLASH_RUN/core_cm3.o
 .text.__REV16  0x00000000       0x24 FLASH_RUN/core_cm3.o
 .text.__REVSH  0x00000000       0x24 FLASH_RUN/core_cm3.o
 .text.__RBIT   0x00000000       0x24 FLASH_RUN/core_cm3.o
 .text.__LDREXB
                0x00000000       0x24 FLASH_RUN/core_cm3.o
 .text.__LDREXH
                0x00000000       0x24 FLASH_RUN/core_cm3.o
 .text.__LDREXW
                0x00000000       0x24 FLASH_RUN/core_cm3.o
 .text.__STREXB
                0x00000000       0x28 FLASH_RUN/core_cm3.o
 .text.__STREXH
                0x00000000       0x28 FLASH_RUN/core_cm3.o
 .text.__STREXW
                0x00000000       0x28 FLASH_RUN/core_cm3.o
 .text          0x00000000        0x0 FLASH_RUN/system_stm32f10x.o
 .data          0x00000000        0x0 FLASH_RUN/system_stm32f10x.o
 .bss           0x00000000        0x0 FLASH_RUN/system_stm32f10x.o
 .data.SystemCoreClock
                0x00000000        0x4 FLASH_RUN/system_stm32f10x.o
 .data.AHBPrescTable
                0x00000000       0x10 FLASH_RUN/system_stm32f10x.o
 .text.SystemCoreClockUpdate
                0x00000000       0xdc FLASH_RUN/system_stm32f10x.o
 .text          0x00000000        0x0 FLASH_RUN/misc.o
 .data          0x00000000        0x0 FLASH_RUN/misc.o
 .bss           0x00000000        0x0 FLASH_RUN/misc.o
 .text.NVIC_PriorityGroupConfig
                0x00000000       0x24 FLASH_RUN/misc.o
 .text.NVIC_Init
                0x00000000       0xc4 FLASH_RUN/misc.o
 .text.NVIC_SystemLPConfig
                0x00000000       0x40 FLASH_RUN/misc.o
 .text.SysTick_CLKSourceConfig
                0x00000000       0x38 FLASH_RUN/misc.o

Memory Configuration

Name             Origin             Length             Attributes
RAM              0x20000000         0x00001000         xrw
EXTSRAM          0x68000000         0x00000000         xrw
FLASH            0x08000000         0x0001f800         xr
FLASHB1          0x00000000         0x00000000         xr
EXTMEMB0         0x00000000         0x00000000         xr
EXTMEMB1         0x00000000         0x00000000         xr
EXTMEMB2         0x00000000         0x00000000         xr
EXTMEMB3         0x00000000         0x00000000         xr
*default*        0x00000000         0xffffffff

Linker script and memory map

LOAD FLASH_RUN/main.o
LOAD FLASH_RUN/startup_stm32f10x_md.o
LOAD FLASH_RUN/core_cm3.o
LOAD FLASH_RUN/system_stm32f10x.o
LOAD FLASH_RUN/misc.o
LOAD /home/jpinto/generic-electric-unicycle/gcc/bin/../lib/gcc/arm-none-eabi/4.9.3/../../../../arm-none-eabi/lib/armv7-m/libc.a
LOAD /home/jpinto/generic-electric-unicycle/gcc/bin/../lib/gcc/arm-none-eabi/4.9.3/../../../../arm-none-eabi/lib/armv7-m/libm.a
LOAD /home/jpinto/generic-electric-unicycle/gcc/bin/../lib/gcc/arm-none-eabi/4.9.3/../../../../arm-none-eabi/lib/armv7-m/libc.a
LOAD /home/jpinto/generic-electric-unicycle/gcc/bin/../lib/gcc/arm-none-eabi/4.9.3/armv7-m/libgcc.a
LOAD /home/jpinto/generic-electric-unicycle/gcc/bin/../lib/gcc/arm-none-eabi/4.9.3/../../../../arm-none-eabi/lib/armv7-m/libstdc++.a
START GROUP
LOAD /home/jpinto/generic-electric-unicycle/gcc/bin/../lib/gcc/arm-none-eabi/4.9.3/armv7-m/libgcc.a
LOAD /home/jpinto/generic-electric-unicycle/gcc/bin/../lib/gcc/arm-none-eabi/4.9.3/../../../../arm-none-eabi/lib/armv7-m/libg.a
LOAD /home/jpinto/generic-electric-unicycle/gcc/bin/../lib/gcc/arm-none-eabi/4.9.3/../../../../arm-none-eabi/lib/armv7-m/libc.a
END GROUP
                0x20001000                _estack = (ORIGIN (RAM) + 0x1000)
                0x00000100                _Minimum_Stack_Size = 0x100
                0x00000001                ASSERT ((ORIGIN (FLASH) == ALIGN (ORIGIN (FLASH), 0x80)), Start of memory region flash not aligned for startup vector table)

.text           0x08000000      0x36c
                0x08000000                . = ALIGN (0x80)
                0x00000000                _isr_vectorsflash_offs = (. - 0x8000000)
 *(.isr_vectorsflash)
 .isr_vectorsflash
                0x08000000      0x10c FLASH_RUN/startup_stm32f10x_md.o
                0x08000000                g_pfnVectors
                0x0800010c                . = ALIGN (0x4)
 CREATE_OBJECT_SYMBOLS
 *(.text .text.* .gnu.linkonce.t.*)
 .text.main     0x0800010c        0x8 FLASH_RUN/main.o
                0x0800010c                main
 .text.Reset_Handler
                0x08000114       0x54 FLASH_RUN/startup_stm32f10x_md.o
                0x08000114                Reset_Handler
 .text.__Init_Data_and_BSS
                0x08000168       0x68 FLASH_RUN/startup_stm32f10x_md.o
                0x08000168                __Init_Data_and_BSS
 .text.Default_Handler
                0x080001d0        0x8 FLASH_RUN/startup_stm32f10x_md.o
                0x080001d0                EXTI2_IRQHandler
                0x080001d0                DebugMon_Handler
                0x080001d0                TIM1_CC_IRQHandler
                0x080001d0                SysTick_Handler
                0x080001d0                PVD_IRQHandler
                0x080001d0                PendSV_Handler
                0x080001d0                EXTI3_IRQHandler
                0x080001d0                EXTI0_IRQHandler
                0x080001d0                I2C2_EV_IRQHandler
                0x080001d0                UsageFault_Handler
                0x080001d0                ADC1_2_IRQHandler
                0x080001d0                SPI1_IRQHandler
                0x080001d0                TAMPER_IRQHandler
                0x080001d0                DMA1_Channel4_IRQHandler
                0x080001d0                USART3_IRQHandler
                0x080001d0                RTC_IRQHandler
                0x080001d0                DMA1_Channel7_IRQHandler
                0x080001d0                CAN1_RX1_IRQHandler
                0x080001d0                TIM4_IRQHandler
                0x080001d0                I2C1_EV_IRQHandler
                0x080001d0                DMA1_Channel6_IRQHandler
                0x080001d0                TIM3_IRQHandler
                0x080001d0                RCC_IRQHandler
                0x080001d0                TIM1_TRG_COM_IRQHandler
                0x080001d0                DMA1_Channel1_IRQHandler
                0x080001d0                Default_Handler
                0x080001d0                EXTI15_10_IRQHandler
                0x080001d0                EXTI9_5_IRQHandler
                0x080001d0                SPI2_IRQHandler
                0x080001d0                MemManage_Handler
                0x080001d0                SVC_Handler
                0x080001d0                DMA1_Channel5_IRQHandler
                0x080001d0                EXTI4_IRQHandler
                0x080001d0                USB_LP_CAN1_RX0_IRQHandler
                0x080001d0                USB_HP_CAN1_TX_IRQHandler
                0x080001d0                DMA1_Channel3_IRQHandler
                0x080001d0                TIM1_UP_IRQHandler
                0x080001d0                WWDG_IRQHandler
                0x080001d0                TIM2_IRQHandler
                0x080001d0                TIM1_BRK_IRQHandler
                0x080001d0                EXTI1_IRQHandler
                0x080001d0                RTCAlarm_IRQHandler
                0x080001d0                USART2_IRQHandler
                0x080001d0                I2C2_ER_IRQHandler
                0x080001d0                DMA1_Channel2_IRQHandler
                0x080001d0                CAN1_SCE_IRQHandler
                0x080001d0                FLASH_IRQHandler
                0x080001d0                BusFault_Handler
                0x080001d0                USART1_IRQHandler
                0x080001d0                I2C1_ER_IRQHandler
                0x080001d0                MMI_Handler
                0x080001d0                USBWakeUp_IRQHandler
 .text.SystemInit
                0x080001d8       0x60 FLASH_RUN/system_stm32f10x.o
                0x080001d8                SystemInit
 .text.SetSysClock
                0x08000238       0x10 FLASH_RUN/system_stm32f10x.o
 .text.SetSysClockTo24
                0x08000248       0xf8 FLASH_RUN/system_stm32f10x.o
 .text.NVIC_SetVectorTable
                0x08000340       0x2c FLASH_RUN/misc.o
                0x08000340                NVIC_SetVectorTable
 *(.plt)
 *(.gnu.warning)
 *(.glue_7t)
 .glue_7t       0x00000000        0x0 linker stubs
 *(.glue_7)
 .glue_7        0x00000000        0x0 linker stubs
 *(.vfp11_veneer)
 .vfp11_veneer  0x00000000        0x0 linker stubs
 *(.ARM.extab* .gnu.linkonce.armextab.*)
 *(.gcc_except_table)

.v4_bx          0x0800036c        0x0
 .v4_bx         0x00000000        0x0 linker stubs

.iplt           0x0800036c        0x0
 .iplt          0x00000000        0x0 FLASH_RUN/main.o

.rel.dyn        0x0800036c        0x0
 .rel.iplt      0x00000000        0x0 FLASH_RUN/main.o

.eh_frame_hdr
 *(.eh_frame_hdr)

.eh_frame
 *(.eh_frame)
                0x0800036c                __exidx_start = .

.ARM.exidx
 *(.ARM.exidx* .gnu.linkonce.armexidx.*)
                0x0800036c                __exidx_end = .

.rodata         0x0800036c        0x4
 *(.rodata .rodata.* .gnu.linkonce.r.*)
                0x0800036c                . = ALIGN (0x4)
 *(.init)
                0x0800036c                . = ALIGN (0x4)
                0x0800036c                __preinit_array_start = .
 *(.preinit_array)
                0x0800036c                __preinit_array_end = .
                0x0800036c                . = ALIGN (0x4)
                0x0800036c                __init_array_start = .
 *(SORT(.init_array.*))
 *(.init_array)
                0x0800036c                __init_array_end = .
                0x0800036c                . = ALIGN (0x4)
 *(.fini)
                0x0800036c                . = ALIGN (0x4)
                0x0800036c                __fini_array_start = .
 *(.fini_array)
 *(SORT(.fini_array.*))
                0x0800036c                __fini_array_end = .
                0x0800036c                . = ALIGN (0x4)
 *crtbegin.o(.ctors)
 *(EXCLUDE_FILE(*crtend.o) .ctors)
 *(SORT(.ctors.*))
 *crtend.o(.ctors)
                0x0800036c                . = ALIGN (0x4)
 *crtbegin.o(.dtors)
 *(EXCLUDE_FILE(*crtend.o) .dtors)
 *(SORT(.dtors.*))
 *crtend.o(.dtors)
 *(.init .init.*)
 *(.fini .fini.*)
                0x0800036c                PROVIDE (__preinit_array_start, .)
 *(.preinit_array)
                0x0800036c                PROVIDE (__preinit_array_end, .)
                0x0800036c                PROVIDE (__init_array_start, .)
 *(SORT(.init_array.*))
 *(.init_array)
                0x0800036c                PROVIDE (__init_array_end, .)
                0x0800036c                PROVIDE (__fini_array_start, .)
 *(.fini_array)
 *(SORT(.fini_array.*))
                0x0800036c                PROVIDE (__fini_array_end, .)
                0x08000370                . = ALIGN (0x8)
 *fill*         0x0800036c        0x4 
 *(.rom)
 *(.rom.b)
                0x08000370                _etext = .
                0x08000370                _sidata = _etext

.data           0x20000000        0x0 load address 0x08000370
                0x20000000                _sdata = .
                0x20000000                . = ALIGN (0x80)
                0x00000000                _isr_vectorsram_offs = (. - 0x20000000)
 *(.isr_vectorsram)
                0x20000000                . = ALIGN (0x4)
 *(.jcr)
 *(.got.plt)
 *(.got)
 *(.shdata)
 *(.data .data.* .gnu.linkonce.d.*)
                0x20000000                . = ALIGN (0x8)
 *(.ram)
 *(.ramfunc*)
                0x20000000                . = ALIGN (0x4)
                0x20000000                _edata = .

.igot.plt       0x20000000        0x0 load address 0x08000370
 .igot.plt      0x00000000        0x0 FLASH_RUN/main.o

.bss            0x20000000        0x0 load address 0x08000370
                0x20000000                . = ALIGN (0x4)
                0x20000000                _sbss = .
 *(.shbss)
 *(.bss .bss.* .gnu.linkonce.b.*)
 *(COMMON)
                0x20000000                . = ALIGN (0x8)
 *(.ram.b)
                0x20000000                . = ALIGN (0x4)
                0x20000000                _ebss = .
                0x20000000                _end = .
                0x20000000                __end = .

._usrstack      0x20000000      0x100 load address 0x08000370
                0x20000000                . = ALIGN (0x4)
                0x20000000                _susrstack = .
                0x20000100                . = (. + _Minimum_Stack_Size)
 *fill*         0x20000000      0x100 
                0x20000100                . = ALIGN (0x4)
                0x20000100                _eusrstack = .

.b1text
 *(.b1text)
 *(.b1rodata)
 *(.b1rodata*)

.eb0text
 *(.eb0text)
 *(.eb0rodata)
 *(.eb0rodata*)

.eb1text
 *(.eb1text)
 *(.eb1rodata)
 *(.eb1rodata*)

.eb2text
 *(.eb2text)
 *(.eb2rodata)
 *(.eb2rodata*)

.eb3text
 *(.eb3text)
 *(.eb3rodata)
 *(.eb3rodata*)

.stab
 *(.stab)

.stabstr
 *(.stabstr)

.stab.excl
 *(.stab.excl)

.stab.exclstr
 *(.stab.exclstr)

.stab.index
 *(.stab.index)

.stab.indexstr
 *(.stab.indexstr)

.comment        0x00000000       0x70
 *(.comment)
 .comment       0x00000000       0x70 FLASH_RUN/main.o
                                 0x71 (size before relaxing)
 .comment       0x00000000       0x71 FLASH_RUN/startup_stm32f10x_md.o
 .comment       0x00000000       0x71 FLASH_RUN/core_cm3.o
 .comment       0x00000000       0x71 FLASH_RUN/system_stm32f10x.o
 .comment       0x00000000       0x71 FLASH_RUN/misc.o

.debug
 *(.debug)

.line
 *(.line)

.debug_srcinfo
 *(.debug_srcinfo)

.debug_sfnames
 *(.debug_sfnames)

.debug_aranges  0x00000000      0x190
 *(.debug_aranges)
 .debug_aranges
                0x00000000       0x20 FLASH_RUN/main.o
 .debug_aranges
                0x00000020       0x30 FLASH_RUN/startup_stm32f10x_md.o
 .debug_aranges
                0x00000050       0xc8 FLASH_RUN/core_cm3.o
 .debug_aranges
                0x00000118       0x38 FLASH_RUN/system_stm32f10x.o
 .debug_aranges
                0x00000150       0x40 FLASH_RUN/misc.o

.debug_pubnames
 *(.debug_pubnames)

.debug_info     0x00000000      0xf1f
 *(.debug_info .gnu.linkonce.wi.*)
 .debug_info    0x00000000       0x99 FLASH_RUN/main.o
 .debug_info    0x00000099      0x19a FLASH_RUN/startup_stm32f10x_md.o
 .debug_info    0x00000233      0x52b FLASH_RUN/core_cm3.o
 .debug_info    0x0000075e      0x2d4 FLASH_RUN/system_stm32f10x.o
 .debug_info    0x00000a32      0x4ed FLASH_RUN/misc.o

.debug_abbrev   0x00000000      0x4c1
 *(.debug_abbrev)
 .debug_abbrev  0x00000000       0x5c FLASH_RUN/main.o
 .debug_abbrev  0x0000005c      0x104 FLASH_RUN/startup_stm32f10x_md.o
 .debug_abbrev  0x00000160       0xae FLASH_RUN/core_cm3.o
 .debug_abbrev  0x0000020e      0x15d FLASH_RUN/system_stm32f10x.o
 .debug_abbrev  0x0000036b      0x156 FLASH_RUN/misc.o

.debug_line     0x00000000      0x8b7
 *(.debug_line)
 .debug_line    0x00000000       0x73 FLASH_RUN/main.o
 .debug_line    0x00000073      0x179 FLASH_RUN/startup_stm32f10x_md.o
 .debug_line    0x000001ec      0x2ae FLASH_RUN/core_cm3.o
 .debug_line    0x0000049a      0x1fd FLASH_RUN/system_stm32f10x.o
 .debug_line    0x00000697      0x220 FLASH_RUN/misc.o

.debug_frame    0x00000000      0x538
 *(.debug_frame)
 .debug_frame   0x00000000       0x2c FLASH_RUN/main.o
 .debug_frame   0x0000002c       0x7c FLASH_RUN/startup_stm32f10x_md.o
 .debug_frame   0x000000a8      0x320 FLASH_RUN/core_cm3.o
 .debug_frame   0x000003c8       0x98 FLASH_RUN/system_stm32f10x.o
 .debug_frame   0x00000460       0xd8 FLASH_RUN/misc.o

.debug_str      0x00000000      0x750
 *(.debug_str)
 .debug_str     0x00000000      0x15f FLASH_RUN/main.o
                                0x193 (size before relaxing)
 .debug_str     0x0000015f       0xbd FLASH_RUN/startup_stm32f10x_md.o
                                0x249 (size before relaxing)
 .debug_str     0x0000021c      0x191 FLASH_RUN/core_cm3.o
                                0x333 (size before relaxing)
 .debug_str     0x000003ad      0x135 FLASH_RUN/system_stm32f10x.o
                                0x2f7 (size before relaxing)
 .debug_str     0x000004e2      0x26e FLASH_RUN/misc.o
                                0x417 (size before relaxing)

.debug_loc
 *(.debug_loc)

.debug_macinfo
 *(.debug_macinfo)

.debug_weaknames
 *(.debug_weaknames)

.debug_funcnames
 *(.debug_funcnames)

.debug_typenames
 *(.debug_typenames)

.debug_varnames
 *(.debug_varnames)

.debug_pubtypes
 *(.debug_pubtypes)

.debug_ranges   0x00000000      0x140
 *(.debug_ranges)
 .debug_ranges  0x00000000       0x10 FLASH_RUN/main.o
 .debug_ranges  0x00000010       0x20 FLASH_RUN/startup_stm32f10x_md.o
 .debug_ranges  0x00000030       0xb8 FLASH_RUN/core_cm3.o
 .debug_ranges  0x000000e8       0x28 FLASH_RUN/system_stm32f10x.o
 .debug_ranges  0x00000110       0x30 FLASH_RUN/misc.o

.ARM.attributes
                0x00000000       0x33
 *(.ARM.attributes)
 .ARM.attributes
                0x00000000       0x33 FLASH_RUN/main.o
 .ARM.attributes
                0x00000033       0x33 FLASH_RUN/startup_stm32f10x_md.o
 .ARM.attributes
                0x00000066       0x33 FLASH_RUN/core_cm3.o
 .ARM.attributes
                0x00000099       0x33 FLASH_RUN/system_stm32f10x.o
 .ARM.attributes
                0x000000cc       0x33 FLASH_RUN/misc.o
 *(.gnu.attributes)

.note.gnu.arm.ident
 *(.note.gnu.arm.ident)

/DISCARD/
 *(.note.GNU-stack)
 *(.gnu_debuglink)
                0x00000400                __Stack_Size = 0x400
                0x00000400                PROVIDE (_Stack_Size, __Stack_Size)
                0x20000c00                __Stack_Init = (_estack - __Stack_Size)
                0x20000c00                PROVIDE (_Stack_Init, __Stack_Init)
OUTPUT(FLASH_RUN/project.elf elf32-littlearm)

Cross Reference Table

Symbol                                            File
ADC1_2_IRQHandler                                 FLASH_RUN/startup_stm32f10x_md.o
AHBPrescTable                                     FLASH_RUN/system_stm32f10x.o
BusFault_Handler                                  FLASH_RUN/startup_stm32f10x_md.o
CAN1_RX1_IRQHandler                               FLASH_RUN/startup_stm32f10x_md.o
CAN1_SCE_IRQHandler                               FLASH_RUN/startup_stm32f10x_md.o
DMA1_Channel1_IRQHandler                          FLASH_RUN/startup_stm32f10x_md.o
DMA1_Channel2_IRQHandler                          FLASH_RUN/startup_stm32f10x_md.o
DMA1_Channel3_IRQHandler                          FLASH_RUN/startup_stm32f10x_md.o
DMA1_Channel4_IRQHandler                          FLASH_RUN/startup_stm32f10x_md.o
DMA1_Channel5_IRQHandler                          FLASH_RUN/startup_stm32f10x_md.o
DMA1_Channel6_IRQHandler                          FLASH_RUN/startup_stm32f10x_md.o
DMA1_Channel7_IRQHandler                          FLASH_RUN/startup_stm32f10x_md.o
DebugMon_Handler                                  FLASH_RUN/startup_stm32f10x_md.o
Default_Handler                                   FLASH_RUN/startup_stm32f10x_md.o
EXTI0_IRQHandler                                  FLASH_RUN/startup_stm32f10x_md.o
EXTI15_10_IRQHandler                              FLASH_RUN/startup_stm32f10x_md.o
EXTI1_IRQHandler                                  FLASH_RUN/startup_stm32f10x_md.o
EXTI2_IRQHandler                                  FLASH_RUN/startup_stm32f10x_md.o
EXTI3_IRQHandler                                  FLASH_RUN/startup_stm32f10x_md.o
EXTI4_IRQHandler                                  FLASH_RUN/startup_stm32f10x_md.o
EXTI9_5_IRQHandler                                FLASH_RUN/startup_stm32f10x_md.o
FLASH_IRQHandler                                  FLASH_RUN/startup_stm32f10x_md.o
HardFault_Handler                                 FLASH_RUN/startup_stm32f10x_md.o
I2C1_ER_IRQHandler                                FLASH_RUN/startup_stm32f10x_md.o
I2C1_EV_IRQHandler                                FLASH_RUN/startup_stm32f10x_md.o
I2C2_ER_IRQHandler                                FLASH_RUN/startup_stm32f10x_md.o
I2C2_EV_IRQHandler                                FLASH_RUN/startup_stm32f10x_md.o
MMI_Handler                                       FLASH_RUN/startup_stm32f10x_md.o
MemManage_Handler                                 FLASH_RUN/startup_stm32f10x_md.o
NMI_Handler                                       FLASH_RUN/startup_stm32f10x_md.o
NVIC_Init                                         FLASH_RUN/misc.o
NVIC_PriorityGroupConfig                          FLASH_RUN/misc.o
NVIC_SetVectorTable                               FLASH_RUN/misc.o
                                                  FLASH_RUN/startup_stm32f10x_md.o
NVIC_SystemLPConfig                               FLASH_RUN/misc.o
PVD_IRQHandler                                    FLASH_RUN/startup_stm32f10x_md.o
PendSV_Handler                                    FLASH_RUN/startup_stm32f10x_md.o
RCC_IRQHandler                                    FLASH_RUN/startup_stm32f10x_md.o
RTCAlarm_IRQHandler                               FLASH_RUN/startup_stm32f10x_md.o
RTC_IRQHandler                                    FLASH_RUN/startup_stm32f10x_md.o
Reset_Handler                                     FLASH_RUN/startup_stm32f10x_md.o
SPI1_IRQHandler                                   FLASH_RUN/startup_stm32f10x_md.o
SPI2_IRQHandler                                   FLASH_RUN/startup_stm32f10x_md.o
SVC_Handler                                       FLASH_RUN/startup_stm32f10x_md.o
SysTick_CLKSourceConfig                           FLASH_RUN/misc.o
SysTick_Handler                                   FLASH_RUN/startup_stm32f10x_md.o
SystemCoreClock                                   FLASH_RUN/system_stm32f10x.o
SystemCoreClockUpdate                             FLASH_RUN/system_stm32f10x.o
SystemInit                                        FLASH_RUN/system_stm32f10x.o
                                                  FLASH_RUN/startup_stm32f10x_md.o
TAMPER_IRQHandler                                 FLASH_RUN/startup_stm32f10x_md.o
TIM1_BRK_IRQHandler                               FLASH_RUN/startup_stm32f10x_md.o
TIM1_CC_IRQHandler                                FLASH_RUN/startup_stm32f10x_md.o
TIM1_TRG_COM_IRQHandler                           FLASH_RUN/startup_stm32f10x_md.o
TIM1_UP_IRQHandler                                FLASH_RUN/startup_stm32f10x_md.o
TIM2_IRQHandler                                   FLASH_RUN/startup_stm32f10x_md.o
TIM3_IRQHandler                                   FLASH_RUN/startup_stm32f10x_md.o
TIM4_IRQHandler                                   FLASH_RUN/startup_stm32f10x_md.o
USART1_IRQHandler                                 FLASH_RUN/startup_stm32f10x_md.o
USART2_IRQHandler                                 FLASH_RUN/startup_stm32f10x_md.o
USART3_IRQHandler                                 FLASH_RUN/startup_stm32f10x_md.o
USBWakeUp_IRQHandler                              FLASH_RUN/startup_stm32f10x_md.o
USB_HP_CAN1_TX_IRQHandler                         FLASH_RUN/startup_stm32f10x_md.o
USB_LP_CAN1_RX0_IRQHandler                        FLASH_RUN/startup_stm32f10x_md.o
UsageFault_Handler                                FLASH_RUN/startup_stm32f10x_md.o
WWDG_IRQHandler                                   FLASH_RUN/startup_stm32f10x_md.o
__Init_Data_and_BSS                               FLASH_RUN/startup_stm32f10x_md.o
__LDREXB                                          FLASH_RUN/core_cm3.o
__LDREXH                                          FLASH_RUN/core_cm3.o
__LDREXW                                          FLASH_RUN/core_cm3.o
__RBIT                                            FLASH_RUN/core_cm3.o
__REV                                             FLASH_RUN/core_cm3.o
__REV16                                           FLASH_RUN/core_cm3.o
__REVSH                                           FLASH_RUN/core_cm3.o
__STREXB                                          FLASH_RUN/core_cm3.o
__STREXH                                          FLASH_RUN/core_cm3.o
__STREXW                                          FLASH_RUN/core_cm3.o
__get_BASEPRI                                     FLASH_RUN/core_cm3.o
__get_CONTROL                                     FLASH_RUN/core_cm3.o
__get_FAULTMASK                                   FLASH_RUN/core_cm3.o
__get_MSP                                         FLASH_RUN/core_cm3.o
__get_PRIMASK                                     FLASH_RUN/core_cm3.o
__get_PSP                                         FLASH_RUN/core_cm3.o
__set_BASEPRI                                     FLASH_RUN/core_cm3.o
__set_CONTROL                                     FLASH_RUN/core_cm3.o
__set_FAULTMASK                                   FLASH_RUN/core_cm3.o
__set_MSP                                         FLASH_RUN/core_cm3.o
__set_PRIMASK                                     FLASH_RUN/core_cm3.o
__set_PSP                                         FLASH_RUN/core_cm3.o
_ebss                                             FLASH_RUN/startup_stm32f10x_md.o
_edata                                            FLASH_RUN/startup_stm32f10x_md.o
_estack                                           FLASH_RUN/startup_stm32f10x_md.o
_isr_vectorsflash_offs                            FLASH_RUN/startup_stm32f10x_md.o
_sbss                                             FLASH_RUN/startup_stm32f10x_md.o
_sdata                                            FLASH_RUN/startup_stm32f10x_md.o
_sidata                                           FLASH_RUN/startup_stm32f10x_md.o
g_pfnVectors                                      FLASH_RUN/startup_stm32f10x_md.o
main                                              FLASH_RUN/main.o
                                                  FLASH_RUN/startup_stm32f10x_md.o
